// Jest Snapshot v1, https://goo.gl/fbAQLP

exports[`Speakers renders correctly 1`] = `
<section
  css={
    Object {
      "backgroundColor": "#f8f8f8",
      "position": "relative",
    }
  }
  id="speakers"
>
  <_default>
    <h1
      css={
        Object {
          "@media(max-width: 820px)": Object {
            "paddingBottom": "24px",
            "paddingTop": "200px",
          },
          "paddingBottom": "48px",
          "paddingTop": "112px",
          "position": "relative",
          "textAlign": "center",
          "zIndex": "3",
        }
      }
    >
      Fireside Chat Speakers
    </h1>
    <div
      css={
        Object {
          "@media(max-width: 820px)": Object {
            "display": "none",
          },
          "display": "grid",
          "gridTemplateColumns": "1fr 1fr ",
          "marginLeft": "auto",
          "marginRight": "auto",
          "maxWidth": 1000,
          "position": "relative",
          "zIndex": 3,
        }
      }
    >
      <SpeakerCard
        description="Jacob is currently the VP of Product at Snap in Venice, California. He graduated from Queen's University's Biomedical Computing program and then started his career at Snap in Product Design. He now serves as Snap's Vice President of Product leading all product development and teams of Designers, Product Managers, Data Scientists and User Researchers."
        image="test-file-stub"
        key="Jacob Andreou"
        name="Jacob Andreou"
        title="VP of Product at Snap"
      />
      <SpeakerCard
        description="Kaheer is a Principal Research Program Manager at the Microsoft Research Montreal lab.  Kaheer co-founded the deep learning for language startup Maluuba and served as its CTO prior to its acquisition, by Microsoft,  in early 2017.  He currently works on machine learning approaches for natural language processing focusing on question answering, conversation systems and common sense reasoning."
        image="test-file-stub"
        key="Kaheer Suleman"
        name="Kaheer Suleman"
        title="Principal Research Program Manager at Microsoft"
      />
    </div>
    <div
      css={
        Object {
          "@media(min-width: 820px)": Object {
            "display": "none",
          },
          "paddingBottom": "30px",
        }
      }
    >
      <SpeakerSlider
        speakers={
          Array [
            Object {
              "description": "Jacob is currently the VP of Product at Snap in Venice, California. He graduated from Queen's University's Biomedical Computing program and then started his career at Snap in Product Design. He now serves as Snap's Vice President of Product leading all product development and teams of Designers, Product Managers, Data Scientists and User Researchers.",
              "image": "test-file-stub",
              "name": "Jacob Andreou",
              "title": "VP of Product at Snap",
            },
            Object {
              "description": "Kaheer is a Principal Research Program Manager at the Microsoft Research Montreal lab.  Kaheer co-founded the deep learning for language startup Maluuba and served as its CTO prior to its acquisition, by Microsoft,  in early 2017.  He currently works on machine learning approaches for natural language processing focusing on question answering, conversation systems and common sense reasoning.",
              "image": "test-file-stub",
              "name": "Kaheer Suleman",
              "title": "Principal Research Program Manager at Microsoft",
            },
          ]
        }
      />
    </div>
    <picture
      css={
        Object {
          "@media(max-width: 1000px)": Object {
            "display": "none",
          },
          "bottom": "-250px",
          "display": "block",
          "height": "289px",
          "position": "absolute",
          "right": "62px",
          "width": "235px",
          "zIndex": "1",
        }
      }
    >
      <source
        srcSet="test-file-stub"
        type="image/webp"
      />
      <source
        srcSet="test-file-stub"
        type="image/png"
      />
      <img
        alt="Floating cubes"
        css={
          Object {
            "@media(max-width: 1000px)": Object {
              "display": "none",
            },
          }
        }
        src="test-file-stub"
      />
    </picture>
    <_default />
  </_default>
</section>
`;
